Fri May 23 18:40:25 EEST 2025 - Scheduled sync every 30 seconds started for department: development
Fri May 23 18:40:55 EEST 2025 - Sending file 'obadah' to qa
Fri May 23 18:40:55 EEST 2025 - Sending file 'obadah' to graphic
Fri May 23 18:40:55 EEST 2025 - Sending file 'test1' to qa
Fri May 23 18:40:55 EEST 2025 - Sending file 'test1' to graphic
Fri May 23 18:41:25 EEST 2025 - Sending file 'obadah' to qa
Fri May 23 18:41:25 EEST 2025 - Sending file 'obadah' to graphic
Fri May 23 18:41:25 EEST 2025 - Sending file 'test1' to qa
Fri May 23 18:41:25 EEST 2025 - Sending file 'test1' to graphic
Fri May 23 18:41:55 EEST 2025 - Sending file 'obadah' to qa
Fri May 23 18:41:55 EEST 2025 - Sending file 'obadah' to graphic
Fri May 23 18:41:55 EEST 2025 - Sending file 'tasks.txt' to qa
Fri May 23 18:41:55 EEST 2025 - Sending file 'tasks.txt' to graphic
Fri May 23 18:41:55 EEST 2025 - Sending file 'test1' to qa
Fri May 23 18:41:55 EEST 2025 - Sending file 'test1' to graphic
Fri May 23 18:42:25 EEST 2025 - Sending file 'obadah' to qa
Fri May 23 18:42:25 EEST 2025 - Sending file 'obadah' to graphic
Fri May 23 18:42:25 EEST 2025 - Sending file 'tasks.txt' to qa
Fri May 23 18:42:25 EEST 2025 - Sending file 'tasks.txt' to graphic
Fri May 23 18:42:25 EEST 2025 - Sending file 'test1' to qa
Fri May 23 18:42:25 EEST 2025 - Sending file 'test1' to graphic
Fri May 23 18:42:55 EEST 2025 - Sending file 'obadah' to qa
Fri May 23 18:42:55 EEST 2025 - Sending file 'obadah' to graphic
Fri May 23 18:42:55 EEST 2025 - Sending file 'tasks.txt' to qa
Fri May 23 18:42:55 EEST 2025 - Sending file 'tasks.txt' to graphic
Fri May 23 18:42:55 EEST 2025 - Sending file 'test1' to qa
Fri May 23 18:42:55 EEST 2025 - Sending file 'test1' to graphic
Fri May 23 18:43:25 EEST 2025 - Sending file 'obadah' to qa
Fri May 23 18:43:25 EEST 2025 - Sending file 'obadah' to graphic
Fri May 23 18:43:25 EEST 2025 - Sending file 'tasks.txt' to qa
Fri May 23 18:43:25 EEST 2025 - Sending file 'tasks.txt' to graphic
Fri May 23 18:43:25 EEST 2025 - Sending file 'test1' to qa
Fri May 23 18:43:25 EEST 2025 - Sending file 'test1' to graphic
Fri May 23 18:43:55 EEST 2025 - Sending file 'obadah' to qa
Fri May 23 18:43:55 EEST 2025 - Sending file 'obadah' to graphic
Fri May 23 18:43:55 EEST 2025 - Sending file 'tasks.txt' to qa
Fri May 23 18:43:55 EEST 2025 - Sending file 'tasks.txt' to graphic
Fri May 23 18:43:55 EEST 2025 - Sending file 'test1' to qa
Fri May 23 18:43:55 EEST 2025 - Sending file 'test1' to graphic
Fri May 23 18:44:25 EEST 2025 - Sending file 'obadah' to qa
Fri May 23 18:44:25 EEST 2025 - Sending file 'obadah' to graphic
Fri May 23 18:44:25 EEST 2025 - Sending file 'tasks.txt' to qa
Fri May 23 18:44:25 EEST 2025 - Sending file 'tasks.txt' to graphic
Fri May 23 18:44:25 EEST 2025 - Sending file 'test1' to qa
Fri May 23 18:44:25 EEST 2025 - Sending file 'test1' to graphic
Fri May 23 18:44:55 EEST 2025 - Sending file 'obadah' to qa
Fri May 23 18:44:55 EEST 2025 - Sending file 'obadah' to graphic
Fri May 23 18:44:55 EEST 2025 - Sending file 'tasks.txt' to qa
Fri May 23 18:44:55 EEST 2025 - Sending file 'tasks.txt' to graphic
Fri May 23 18:44:55 EEST 2025 - Sending file 'test1' to qa
Fri May 23 18:44:55 EEST 2025 - Sending file 'test1' to graphic
Fri May 23 18:45:25 EEST 2025 - Sending file 'obadah' to qa
Fri May 23 18:45:25 EEST 2025 - Sending file 'obadah' to graphic
Fri May 23 18:45:25 EEST 2025 - Sending file 'tasks.txt' to qa
Fri May 23 18:45:25 EEST 2025 - Sending file 'tasks.txt' to graphic
Fri May 23 18:45:25 EEST 2025 - Sending file 'test1' to qa
Fri May 23 18:45:25 EEST 2025 - Sending file 'test1' to graphic
Fri May 23 18:45:55 EEST 2025 - Sending file 'obadah' to qa
Fri May 23 18:45:55 EEST 2025 - Sending file 'obadah' to graphic
Fri May 23 18:45:55 EEST 2025 - Sending file 'tasks.txt' to qa
Fri May 23 18:45:55 EEST 2025 - Sending file 'tasks.txt' to graphic
Fri May 23 18:45:55 EEST 2025 - Sending file 'test1' to qa
Fri May 23 18:45:55 EEST 2025 - Sending file 'test1' to graphic
Fri May 23 18:46:25 EEST 2025 - Sending file 'obadah' to qa
Fri May 23 18:46:25 EEST 2025 - Sending file 'obadah' to graphic
Fri May 23 18:46:25 EEST 2025 - Sending file 'tasks.txt' to qa
Fri May 23 18:46:25 EEST 2025 - Sending file 'tasks.txt' to graphic
Fri May 23 18:46:25 EEST 2025 - Sending file 'test1' to qa
Fri May 23 18:46:25 EEST 2025 - Sending file 'test1' to graphic
Fri May 23 18:46:55 EEST 2025 - Sending file 'obadah' to qa
Fri May 23 18:46:55 EEST 2025 - Sending file 'obadah' to graphic
Fri May 23 18:46:55 EEST 2025 - Sending file 'tasks.txt' to qa
Fri May 23 18:46:55 EEST 2025 - Sending file 'tasks.txt' to graphic
Fri May 23 18:46:55 EEST 2025 - Sending file 'test1' to qa
Fri May 23 18:46:55 EEST 2025 - Sending file 'test1' to graphic
Fri May 23 18:47:25 EEST 2025 - Sending file 'obadah' to qa
Fri May 23 18:47:25 EEST 2025 - Sending file 'obadah' to graphic
Fri May 23 18:47:25 EEST 2025 - Sending file 'tasks.txt' to qa
Fri May 23 18:47:25 EEST 2025 - Sending file 'tasks.txt' to graphic
Fri May 23 18:47:25 EEST 2025 - Sending file 'test1' to qa
Fri May 23 18:47:25 EEST 2025 - Sending file 'test1' to graphic
Fri May 23 18:47:55 EEST 2025 - Sending file 'obadah' to qa
Fri May 23 18:47:55 EEST 2025 - Sending file 'obadah' to graphic
Fri May 23 18:47:55 EEST 2025 - Sending file 'tasks.txt' to qa
Fri May 23 18:47:55 EEST 2025 - Sending file 'tasks.txt' to graphic
Fri May 23 18:47:55 EEST 2025 - Sending file 'test1' to qa
Fri May 23 18:47:55 EEST 2025 - Sending file 'test1' to graphic
Fri May 23 18:48:25 EEST 2025 - Sending file 'obadah' to qa
Fri May 23 18:48:25 EEST 2025 - Sending file 'obadah' to graphic
Fri May 23 18:48:25 EEST 2025 - Sending file 'tasks.txt' to qa
Fri May 23 18:48:25 EEST 2025 - Sending file 'tasks.txt' to graphic
Fri May 23 18:48:25 EEST 2025 - Sending file 'test1' to qa
Fri May 23 18:48:25 EEST 2025 - Sending file 'test1' to graphic
Fri May 23 18:48:55 EEST 2025 - Sending file 'obadah' to qa
Fri May 23 18:48:55 EEST 2025 - Sending file 'obadah' to graphic
Fri May 23 18:48:55 EEST 2025 - Sending file 'tasks.txt' to qa
Fri May 23 18:48:55 EEST 2025 - Sending file 'tasks.txt' to graphic
Fri May 23 18:48:55 EEST 2025 - Sending file 'test1' to qa
Fri May 23 18:48:55 EEST 2025 - Sending file 'test1' to graphic
Fri May 23 18:49:25 EEST 2025 - Sending file 'obadah' to qa
Fri May 23 18:49:25 EEST 2025 - Sending file 'obadah' to graphic
Fri May 23 18:49:25 EEST 2025 - Sending file 'tasks.txt' to qa
Fri May 23 18:49:25 EEST 2025 - Sending file 'tasks.txt' to graphic
Fri May 23 18:49:25 EEST 2025 - Sending file 'test1' to qa
Fri May 23 18:49:25 EEST 2025 - Sending file 'test1' to graphic
Fri May 23 18:49:55 EEST 2025 - Sending file 'obadah' to qa
Fri May 23 18:49:55 EEST 2025 - Sending file 'obadah' to graphic
Fri May 23 18:49:55 EEST 2025 - Sending file 'tasks.txt' to qa
Fri May 23 18:49:55 EEST 2025 - Sending file 'tasks.txt' to graphic
Fri May 23 18:49:55 EEST 2025 - Sending file 'test1' to qa
Fri May 23 18:49:55 EEST 2025 - Sending file 'test1' to graphic
Fri May 23 18:50:25 EEST 2025 - Sending file 'obadah' to qa
Fri May 23 18:50:25 EEST 2025 - Sending file 'obadah' to graphic
Fri May 23 18:50:25 EEST 2025 - Sending file 'tasks.txt' to qa
Fri May 23 18:50:25 EEST 2025 - Sending file 'tasks.txt' to graphic
Fri May 23 18:50:25 EEST 2025 - Sending file 'test1' to qa
Fri May 23 18:50:25 EEST 2025 - Sending file 'test1' to graphic
Fri May 23 18:50:55 EEST 2025 - Sending file 'obadah' to qa
Fri May 23 18:50:55 EEST 2025 - Sending file 'obadah' to graphic
Fri May 23 18:50:55 EEST 2025 - Sending file 'tasks.txt' to qa
Fri May 23 18:50:55 EEST 2025 - Sending file 'tasks.txt' to graphic
Fri May 23 18:50:55 EEST 2025 - Sending file 'test1' to qa
Fri May 23 18:50:55 EEST 2025 - Sending file 'test1' to graphic
Fri May 23 18:51:25 EEST 2025 - Sending file 'obadah' to qa
Fri May 23 18:51:25 EEST 2025 - Sending file 'obadah' to graphic
Fri May 23 18:51:25 EEST 2025 - Sending file 'tasks.txt' to qa
Fri May 23 18:51:25 EEST 2025 - Sending file 'tasks.txt' to graphic
Fri May 23 18:51:25 EEST 2025 - Sending file 'test1' to qa
Fri May 23 18:51:25 EEST 2025 - Sending file 'test1' to graphic
Fri May 23 18:51:55 EEST 2025 - Sending file 'obadah' to qa
Fri May 23 18:51:55 EEST 2025 - Sending file 'obadah' to graphic
Fri May 23 18:51:55 EEST 2025 - Sending file 'tasks.txt' to qa
Fri May 23 18:51:55 EEST 2025 - Sending file 'tasks.txt' to graphic
Fri May 23 18:51:55 EEST 2025 - Sending file 'test1' to qa
Fri May 23 18:51:55 EEST 2025 - Sending file 'test1' to graphic
Fri May 23 18:52:25 EEST 2025 - Sending file 'obadah' to qa
Fri May 23 18:52:25 EEST 2025 - Sending file 'obadah' to graphic
Fri May 23 18:52:25 EEST 2025 - Sending file 'tasks.txt' to qa
Fri May 23 18:52:25 EEST 2025 - Sending file 'tasks.txt' to graphic
Fri May 23 18:52:25 EEST 2025 - Sending file 'test1' to qa
Fri May 23 18:52:25 EEST 2025 - Sending file 'test1' to graphic
Fri May 23 18:52:55 EEST 2025 - Sending file 'obadah' to qa
Fri May 23 18:52:55 EEST 2025 - Sending file 'obadah' to graphic
Fri May 23 18:52:55 EEST 2025 - Sending file 'tasks.txt' to qa
Fri May 23 18:52:55 EEST 2025 - Sending file 'tasks.txt' to graphic
Fri May 23 18:52:55 EEST 2025 - Sending file 'test1' to qa
Fri May 23 18:52:55 EEST 2025 - Sending file 'test1' to graphic
Fri May 23 18:53:25 EEST 2025 - Sending file 'obadah' to qa
Fri May 23 18:53:25 EEST 2025 - Sending file 'obadah' to graphic
Fri May 23 18:53:25 EEST 2025 - Sending file 'tasks.txt' to qa
Fri May 23 18:53:25 EEST 2025 - Sending file 'tasks.txt' to graphic
Fri May 23 18:53:25 EEST 2025 - Sending file 'test1' to qa
Fri May 23 18:53:25 EEST 2025 - Sending file 'test1' to graphic
Fri May 23 18:53:55 EEST 2025 - Sending file 'obadah' to qa
Fri May 23 18:53:55 EEST 2025 - Sending file 'obadah' to graphic
Fri May 23 18:53:55 EEST 2025 - Sending file 'tasks.txt' to qa
Fri May 23 18:53:55 EEST 2025 - Sending file 'tasks.txt' to graphic
Fri May 23 18:53:55 EEST 2025 - Sending file 'test1' to qa
Fri May 23 18:53:55 EEST 2025 - Sending file 'test1' to graphic
Fri May 23 18:54:25 EEST 2025 - Sending file 'obadah' to qa
Fri May 23 18:54:25 EEST 2025 - Sending file 'obadah' to graphic
Fri May 23 18:54:25 EEST 2025 - Sending file 'tasks.txt' to qa
Fri May 23 18:54:25 EEST 2025 - Sending file 'tasks.txt' to graphic
Fri May 23 18:54:25 EEST 2025 - Sending file 'test1' to qa
Fri May 23 18:54:25 EEST 2025 - Sending file 'test1' to graphic
Fri May 23 18:54:55 EEST 2025 - Sending file 'obadah' to qa
Fri May 23 18:54:55 EEST 2025 - Sending file 'obadah' to graphic
Fri May 23 18:54:55 EEST 2025 - Sending file 'tasks.txt' to qa
Fri May 23 18:54:55 EEST 2025 - Sending file 'tasks.txt' to graphic
Fri May 23 18:54:55 EEST 2025 - Sending file 'test1' to qa
Fri May 23 18:54:55 EEST 2025 - Sending file 'test1' to graphic
Fri May 23 18:55:25 EEST 2025 - Sending file 'obadah' to qa
Fri May 23 18:55:25 EEST 2025 - Sending file 'obadah' to graphic
Fri May 23 18:55:25 EEST 2025 - Sending file 'tasks.txt' to qa
Fri May 23 18:55:25 EEST 2025 - Sending file 'tasks.txt' to graphic
Fri May 23 18:55:25 EEST 2025 - Sending file 'test1' to qa
Fri May 23 18:55:25 EEST 2025 - Sending file 'test1' to graphic
Fri May 23 18:55:55 EEST 2025 - Sending file 'obadah' to qa
Fri May 23 18:55:55 EEST 2025 - Sending file 'obadah' to graphic
Fri May 23 18:55:55 EEST 2025 - Sending file 'tasks.txt' to qa
Fri May 23 18:55:55 EEST 2025 - Sending file 'tasks.txt' to graphic
Fri May 23 18:55:55 EEST 2025 - Sending file 'test1' to qa
Fri May 23 18:55:55 EEST 2025 - Sending file 'test1' to graphic
Fri May 23 18:56:25 EEST 2025 - Sending file 'obadah' to qa
Fri May 23 18:56:25 EEST 2025 - Sending file 'obadah' to graphic
Fri May 23 18:56:25 EEST 2025 - Sending file 'tasks.txt' to qa
Fri May 23 18:56:25 EEST 2025 - Sending file 'tasks.txt' to graphic
Fri May 23 18:56:25 EEST 2025 - Sending file 'test1' to qa
Fri May 23 18:56:25 EEST 2025 - Sending file 'test1' to graphic
Fri May 23 18:56:55 EEST 2025 - Sending file 'obadah' to qa
Fri May 23 18:56:55 EEST 2025 - Sending file 'obadah' to graphic
Fri May 23 18:56:55 EEST 2025 - Sending file 'tasks.txt' to qa
Fri May 23 18:56:55 EEST 2025 - Sending file 'tasks.txt' to graphic
Fri May 23 18:56:55 EEST 2025 - Sending file 'test1' to qa
Fri May 23 18:56:55 EEST 2025 - Sending file 'test1' to graphic
Fri May 23 18:57:25 EEST 2025 - Sending file 'obadah' to qa
Fri May 23 18:57:25 EEST 2025 - Sending file 'obadah' to graphic
Fri May 23 18:57:25 EEST 2025 - Sending file 'tasks.txt' to qa
Fri May 23 18:57:25 EEST 2025 - Sending file 'tasks.txt' to graphic
Fri May 23 18:57:25 EEST 2025 - Sending file 'test1' to qa
Fri May 23 18:57:25 EEST 2025 - Sending file 'test1' to graphic
Fri May 23 18:57:55 EEST 2025 - Sending file 'obadah' to qa
Fri May 23 18:57:55 EEST 2025 - Sending file 'obadah' to graphic
Fri May 23 18:57:55 EEST 2025 - Sending file 'tasks.txt' to qa
Fri May 23 18:57:55 EEST 2025 - Sending file 'tasks.txt' to graphic
Fri May 23 18:57:55 EEST 2025 - Sending file 'test1' to qa
Fri May 23 18:57:55 EEST 2025 - Sending file 'test1' to graphic
Fri May 23 18:58:25 EEST 2025 - Sending file 'obadah' to qa
Fri May 23 18:58:25 EEST 2025 - Sending file 'obadah' to graphic
Fri May 23 18:58:25 EEST 2025 - Sending file 'tasks.txt' to qa
Fri May 23 18:58:25 EEST 2025 - Sending file 'tasks.txt' to graphic
Fri May 23 18:58:25 EEST 2025 - Sending file 'test1' to qa
Fri May 23 18:58:25 EEST 2025 - Sending file 'test1' to graphic
Fri May 23 18:58:55 EEST 2025 - Sending file 'obadah' to qa
Fri May 23 18:58:55 EEST 2025 - Sending file 'obadah' to graphic
Fri May 23 18:58:55 EEST 2025 - Sending file 'tasks.txt' to qa
Fri May 23 18:58:55 EEST 2025 - Sending file 'tasks.txt' to graphic
Fri May 23 18:58:55 EEST 2025 - Sending file 'test1' to qa
Fri May 23 18:58:55 EEST 2025 - Sending file 'test1' to graphic
Fri May 23 18:59:25 EEST 2025 - Sending file 'obadah' to qa
Fri May 23 18:59:25 EEST 2025 - Sending file 'obadah' to graphic
Fri May 23 18:59:25 EEST 2025 - Sending file 'tasks.txt' to qa
Fri May 23 18:59:25 EEST 2025 - Sending file 'tasks.txt' to graphic
Fri May 23 18:59:25 EEST 2025 - Sending file 'test1' to qa
Fri May 23 18:59:25 EEST 2025 - Sending file 'test1' to graphic
Fri May 23 18:59:55 EEST 2025 - Sending file 'obadah' to qa
Fri May 23 18:59:55 EEST 2025 - Sending file 'obadah' to graphic
Fri May 23 18:59:55 EEST 2025 - Sending file 'tasks.txt' to qa
Fri May 23 18:59:55 EEST 2025 - Sending file 'tasks.txt' to graphic
Fri May 23 18:59:55 EEST 2025 - Sending file 'test1' to qa
Fri May 23 18:59:55 EEST 2025 - Sending file 'test1' to graphic
Fri May 23 19:00:25 EEST 2025 - Sending file 'obadah' to qa
Fri May 23 19:00:25 EEST 2025 - Sending file 'obadah' to graphic
Fri May 23 19:00:25 EEST 2025 - Sending file 'tasks.txt' to qa
Fri May 23 19:00:25 EEST 2025 - Sending file 'tasks.txt' to graphic
Fri May 23 19:00:25 EEST 2025 - Sending file 'test1' to qa
Fri May 23 19:00:25 EEST 2025 - Sending file 'test1' to graphic
Fri May 23 19:00:55 EEST 2025 - Sending file 'obadah' to qa
Fri May 23 19:00:55 EEST 2025 - Sending file 'obadah' to graphic
Fri May 23 19:00:55 EEST 2025 - Sending file 'tasks.txt' to qa
Fri May 23 19:00:55 EEST 2025 - Sending file 'tasks.txt' to graphic
Fri May 23 19:00:55 EEST 2025 - Sending file 'test1' to qa
Fri May 23 19:00:55 EEST 2025 - Sending file 'test1' to graphic
Fri May 23 19:01:25 EEST 2025 - Sending file 'obadah' to qa
Fri May 23 19:01:25 EEST 2025 - Sending file 'obadah' to graphic
Fri May 23 19:01:25 EEST 2025 - Sending file 'tasks.txt' to qa
Fri May 23 19:01:25 EEST 2025 - Sending file 'tasks.txt' to graphic
Fri May 23 19:01:25 EEST 2025 - Sending file 'test1' to qa
Fri May 23 19:01:25 EEST 2025 - Sending file 'test1' to graphic
Fri May 23 19:01:55 EEST 2025 - Sending file 'obadah' to qa
Fri May 23 19:01:55 EEST 2025 - Sending file 'obadah' to graphic
Fri May 23 19:01:55 EEST 2025 - Sending file 'tasks.txt' to qa
Fri May 23 19:01:55 EEST 2025 - Sending file 'tasks.txt' to graphic
Fri May 23 19:01:55 EEST 2025 - Sending file 'test1' to qa
Fri May 23 19:01:55 EEST 2025 - Sending file 'test1' to graphic
Fri May 23 19:02:25 EEST 2025 - Sending file 'obadah' to qa
Fri May 23 19:02:25 EEST 2025 - Sending file 'obadah' to graphic
Fri May 23 19:02:25 EEST 2025 - Sending file 'tasks.txt' to qa
Fri May 23 19:02:25 EEST 2025 - Sending file 'tasks.txt' to graphic
Fri May 23 19:02:25 EEST 2025 - Sending file 'test1' to qa
Fri May 23 19:02:25 EEST 2025 - Sending file 'test1' to graphic
Fri May 23 19:02:55 EEST 2025 - Sending file 'obadah' to qa
Fri May 23 19:02:55 EEST 2025 - Sending file 'obadah' to graphic
Fri May 23 19:02:55 EEST 2025 - Sending file 'tasks.txt' to qa
Fri May 23 19:02:55 EEST 2025 - Sending file 'tasks.txt' to graphic
Fri May 23 19:02:55 EEST 2025 - Sending file 'test1' to qa
Fri May 23 19:02:55 EEST 2025 - Sending file 'test1' to graphic
Fri May 23 19:03:25 EEST 2025 - Sending file 'obadah' to qa
Fri May 23 19:03:25 EEST 2025 - Sending file 'obadah' to graphic
Fri May 23 19:03:25 EEST 2025 - Sending file 'tasks.txt' to qa
Fri May 23 19:03:25 EEST 2025 - Sending file 'tasks.txt' to graphic
Fri May 23 19:03:25 EEST 2025 - Sending file 'test1' to qa
Fri May 23 19:03:25 EEST 2025 - Sending file 'test1' to graphic
Fri May 23 19:03:55 EEST 2025 - Sending file 'obadah' to qa
Fri May 23 19:03:55 EEST 2025 - Sending file 'obadah' to graphic
Fri May 23 19:03:55 EEST 2025 - Sending file 'tasks.txt' to qa
Fri May 23 19:03:55 EEST 2025 - Sending file 'tasks.txt' to graphic
Fri May 23 19:03:55 EEST 2025 - Sending file 'test1' to qa
Fri May 23 19:03:55 EEST 2025 - Sending file 'test1' to graphic
Fri May 23 19:04:20 EEST 2025 - Scheduled sync every 30 seconds started for department: development
Fri May 23 19:04:50 EEST 2025 - Sending file 'obadah' to qa
Fri May 23 19:04:50 EEST 2025 - Sending file 'obadah' to graphic
Fri May 23 19:04:50 EEST 2025 - Sending file 'tasks.txt' to qa
Fri May 23 19:04:50 EEST 2025 - Sending file 'tasks.txt' to graphic
Fri May 23 19:04:50 EEST 2025 - Sending file 'test1' to qa
Fri May 23 19:04:50 EEST 2025 - Sending file 'test1' to graphic
Fri May 23 19:05:20 EEST 2025 - Sending file 'obadah' to qa
Fri May 23 19:05:20 EEST 2025 - Sending file 'obadah' to graphic
Fri May 23 19:05:20 EEST 2025 - Sending file 'tasks.txt' to qa
Fri May 23 19:05:20 EEST 2025 - Sending file 'tasks.txt' to graphic
Fri May 23 19:05:20 EEST 2025 - Sending file 'test1' to qa
Fri May 23 19:05:20 EEST 2025 - Sending file 'test1' to graphic
Fri May 23 19:05:50 EEST 2025 - Sending file 'obadah' to qa
Fri May 23 19:05:50 EEST 2025 - Sending file 'obadah' to graphic
Fri May 23 19:05:50 EEST 2025 - Sending file 'tasks.txt' to qa
Fri May 23 19:05:50 EEST 2025 - Sending file 'tasks.txt' to graphic
Fri May 23 19:05:50 EEST 2025 - Sending file 'test1' to qa
Fri May 23 19:05:50 EEST 2025 - Sending file 'test1' to graphic
Fri May 23 19:06:20 EEST 2025 - Sending file 'obadah' to qa
Fri May 23 19:06:20 EEST 2025 - Sending file 'obadah' to graphic
Fri May 23 19:06:20 EEST 2025 - Sending file 'tasks.txt' to qa
Fri May 23 19:06:20 EEST 2025 - Sending file 'tasks.txt' to graphic
Fri May 23 19:06:20 EEST 2025 - Sending file 'test1' to qa
Fri May 23 19:06:20 EEST 2025 - Sending file 'test1' to graphic
Fri May 23 19:06:50 EEST 2025 - Sending file 'obadah' to qa
Fri May 23 19:06:50 EEST 2025 - Sending file 'obadah' to graphic
Fri May 23 19:06:50 EEST 2025 - Sending file 'tasks.txt' to qa
Fri May 23 19:06:50 EEST 2025 - Sending file 'tasks.txt' to graphic
Fri May 23 19:06:50 EEST 2025 - Sending file 'test1' to qa
Fri May 23 19:06:50 EEST 2025 - Sending file 'test1' to graphic
Fri May 23 19:07:20 EEST 2025 - Sending file 'obadah' to qa
Fri May 23 19:07:20 EEST 2025 - Sending file 'obadah' to graphic
Fri May 23 19:07:20 EEST 2025 - Sending file 'tasks.txt' to qa
Fri May 23 19:07:20 EEST 2025 - Sending file 'tasks.txt' to graphic
Fri May 23 19:07:20 EEST 2025 - Sending file 'test1' to qa
Fri May 23 19:07:20 EEST 2025 - Sending file 'test1' to graphic
Fri May 23 19:07:50 EEST 2025 - Sending file 'obadah' to qa
Fri May 23 19:07:50 EEST 2025 - Sending file 'obadah' to graphic
Fri May 23 19:07:50 EEST 2025 - Sending file 'tasks.txt' to qa
Fri May 23 19:07:50 EEST 2025 - Sending file 'tasks.txt' to graphic
Fri May 23 19:07:50 EEST 2025 - Sending file 'test1' to qa
Fri May 23 19:07:50 EEST 2025 - Sending file 'test1' to graphic
Fri May 23 19:08:20 EEST 2025 - Sending file 'obadah' to qa
Fri May 23 19:08:20 EEST 2025 - Sending file 'obadah' to graphic
Fri May 23 19:08:20 EEST 2025 - Sending file 'tasks.txt' to qa
Fri May 23 19:08:20 EEST 2025 - Sending file 'tasks.txt' to graphic
Fri May 23 19:08:20 EEST 2025 - Sending file 'test1' to qa
Fri May 23 19:08:20 EEST 2025 - Sending file 'test1' to graphic
Fri May 23 19:08:50 EEST 2025 - Sending file 'obadah' to qa
Fri May 23 19:08:50 EEST 2025 - Sending file 'obadah' to graphic
Fri May 23 19:08:50 EEST 2025 - Sending file 'tasks.txt' to qa
Fri May 23 19:08:50 EEST 2025 - Sending file 'tasks.txt' to graphic
Fri May 23 19:08:50 EEST 2025 - Sending file 'test1' to qa
Fri May 23 19:08:50 EEST 2025 - Sending file 'test1' to graphic
Fri May 23 19:09:19 EEST 2025 - Sending file 'obadah' to qa
Fri May 23 19:09:19 EEST 2025 - Sending file 'obadah' to graphic
Fri May 23 19:09:19 EEST 2025 - Sending file 'tasks.txt' to qa
Fri May 23 19:09:19 EEST 2025 - Sending file 'tasks.txt' to graphic
Fri May 23 19:09:19 EEST 2025 - Sending file 'test1' to qa
Fri May 23 19:09:19 EEST 2025 - Sending file 'test1' to graphic
Fri May 23 19:09:49 EEST 2025 - Sending file 'obadah' to qa
Fri May 23 19:09:49 EEST 2025 - Sending file 'obadah' to graphic
Fri May 23 19:09:49 EEST 2025 - Sending file 'tasks.txt' to qa
Fri May 23 19:09:49 EEST 2025 - Sending file 'tasks.txt' to graphic
Fri May 23 19:09:49 EEST 2025 - Sending file 'test1' to qa
Fri May 23 19:09:49 EEST 2025 - Sending file 'test1' to graphic
Fri May 23 19:10:19 EEST 2025 - Sending file 'obadah' to qa
Fri May 23 19:10:19 EEST 2025 - Sending file 'obadah' to graphic
Fri May 23 19:10:19 EEST 2025 - Sending file 'tasks.txt' to qa
Fri May 23 19:10:19 EEST 2025 - Sending file 'tasks.txt' to graphic
Fri May 23 19:10:19 EEST 2025 - Sending file 'test1' to qa
Fri May 23 19:10:19 EEST 2025 - Sending file 'test1' to graphic
Fri May 23 19:10:49 EEST 2025 - Sending file 'obadah' to qa
Fri May 23 19:10:49 EEST 2025 - Sending file 'obadah' to graphic
Fri May 23 19:10:49 EEST 2025 - Sending file 'tasks.txt' to qa
Fri May 23 19:10:49 EEST 2025 - Sending file 'tasks.txt' to graphic
Fri May 23 19:10:49 EEST 2025 - Sending file 'test1' to qa
Fri May 23 19:10:49 EEST 2025 - Sending file 'test1' to graphic
Fri May 23 19:11:19 EEST 2025 - Sending file 'obadah' to qa
Fri May 23 19:11:19 EEST 2025 - Sending file 'obadah' to graphic
Fri May 23 19:11:19 EEST 2025 - Sending file 'tasks.txt' to qa
Fri May 23 19:11:19 EEST 2025 - Sending file 'tasks.txt' to graphic
Fri May 23 19:11:19 EEST 2025 - Sending file 'test1' to qa
Fri May 23 19:11:19 EEST 2025 - Sending file 'test1' to graphic
Fri May 23 19:11:49 EEST 2025 - Sending file 'obadah' to qa
Fri May 23 19:11:49 EEST 2025 - Sending file 'obadah' to graphic
Fri May 23 19:11:49 EEST 2025 - Sending file 'tasks.txt' to qa
Fri May 23 19:11:49 EEST 2025 - Sending file 'tasks.txt' to graphic
Fri May 23 19:11:49 EEST 2025 - Sending file 'test1' to qa
Fri May 23 19:11:49 EEST 2025 - Sending file 'test1' to graphic
Fri May 23 19:12:19 EEST 2025 - Sending file 'obadah' to qa
Fri May 23 19:12:19 EEST 2025 - Sending file 'obadah' to graphic
Fri May 23 19:12:19 EEST 2025 - Sending file 'tasks.txt' to qa
Fri May 23 19:12:19 EEST 2025 - Sending file 'tasks.txt' to graphic
Fri May 23 19:12:19 EEST 2025 - Sending file 'test1' to qa
Fri May 23 19:12:19 EEST 2025 - Sending file 'test1' to graphic
Fri May 23 19:12:49 EEST 2025 - Sending file 'obadah' to qa
Fri May 23 19:12:49 EEST 2025 - Sending file 'obadah' to graphic
Fri May 23 19:12:49 EEST 2025 - Sending file 'tasks.txt' to qa
Fri May 23 19:12:49 EEST 2025 - Sending file 'tasks.txt' to graphic
Fri May 23 19:12:49 EEST 2025 - Sending file 'test1' to qa
Fri May 23 19:12:49 EEST 2025 - Sending file 'test1' to graphic
Fri May 23 19:13:19 EEST 2025 - Sending file 'obadah' to qa
Fri May 23 19:13:19 EEST 2025 - Sending file 'obadah' to graphic
Fri May 23 19:13:19 EEST 2025 - Sending file 'tasks.txt' to qa
Fri May 23 19:13:19 EEST 2025 - Sending file 'tasks.txt' to graphic
Fri May 23 19:13:19 EEST 2025 - Sending file 'test1' to qa
Fri May 23 19:13:19 EEST 2025 - Sending file 'test1' to graphic
Fri May 23 19:13:49 EEST 2025 - Sending file 'obadah' to qa
Fri May 23 19:13:49 EEST 2025 - Sending file 'obadah' to graphic
Fri May 23 19:13:49 EEST 2025 - Sending file 'tasks.txt' to qa
Fri May 23 19:13:49 EEST 2025 - Sending file 'tasks.txt' to graphic
Fri May 23 19:13:49 EEST 2025 - Sending file 'test1' to qa
Fri May 23 19:13:49 EEST 2025 - Sending file 'test1' to graphic
Fri May 23 19:14:19 EEST 2025 - Sending file 'obadah' to qa
Fri May 23 19:14:19 EEST 2025 - Sending file 'obadah' to graphic
Fri May 23 19:14:19 EEST 2025 - Sending file 'tasks.txt' to qa
Fri May 23 19:14:19 EEST 2025 - Sending file 'tasks.txt' to graphic
Fri May 23 19:14:19 EEST 2025 - Sending file 'test1' to qa
Fri May 23 19:14:19 EEST 2025 - Sending file 'test1' to graphic
Fri May 23 19:14:49 EEST 2025 - Sending file 'obadah' to qa
Fri May 23 19:14:49 EEST 2025 - Sending file 'obadah' to graphic
Fri May 23 19:14:49 EEST 2025 - Sending file 'tasks.txt' to qa
Fri May 23 19:14:49 EEST 2025 - Sending file 'tasks.txt' to graphic
Fri May 23 19:14:49 EEST 2025 - Sending file 'test1' to qa
Fri May 23 19:14:49 EEST 2025 - Sending file 'test1' to graphic
Fri May 23 19:15:19 EEST 2025 - Sending file 'obadah' to qa
Fri May 23 19:15:19 EEST 2025 - Sending file 'obadah' to graphic
Fri May 23 19:15:19 EEST 2025 - Sending file 'tasks.txt' to qa
Fri May 23 19:15:19 EEST 2025 - Sending file 'tasks.txt' to graphic
Fri May 23 19:15:19 EEST 2025 - Sending file 'test1' to qa
Fri May 23 19:15:19 EEST 2025 - Sending file 'test1' to graphic
Fri May 23 19:15:49 EEST 2025 - Sending file 'obadah' to qa
Fri May 23 19:15:49 EEST 2025 - Sending file 'obadah' to graphic
Fri May 23 19:15:49 EEST 2025 - Sending file 'tasks.txt' to qa
Fri May 23 19:15:49 EEST 2025 - Sending file 'tasks.txt' to graphic
Fri May 23 19:15:49 EEST 2025 - Sending file 'test1' to qa
Fri May 23 19:15:49 EEST 2025 - Sending file 'test1' to graphic
Fri May 23 19:16:19 EEST 2025 - Sending file 'obadah' to qa
Fri May 23 19:16:19 EEST 2025 - Sending file 'obadah' to graphic
Fri May 23 19:16:19 EEST 2025 - Sending file 'tasks.txt' to qa
Fri May 23 19:16:19 EEST 2025 - Sending file 'tasks.txt' to graphic
Fri May 23 19:16:19 EEST 2025 - Sending file 'test1' to qa
Fri May 23 19:16:19 EEST 2025 - Sending file 'test1' to graphic
Fri May 23 19:16:49 EEST 2025 - Sending file 'obadah' to qa
Fri May 23 19:16:49 EEST 2025 - Sending file 'obadah' to graphic
Fri May 23 19:16:49 EEST 2025 - Sending file 'tasks.txt' to qa
Fri May 23 19:16:49 EEST 2025 - Sending file 'tasks.txt' to graphic
Fri May 23 19:16:49 EEST 2025 - Sending file 'test1' to qa
Fri May 23 19:16:49 EEST 2025 - Sending file 'test1' to graphic
Sat May 31 12:39:37 EEST 2025 - Scheduled sync every 30 seconds started for department: development
Sat May 31 12:40:07 EEST 2025 - Sending file 'obadah' to qa
Sat May 31 12:40:07 EEST 2025 - Sending file 'obadah' to graphic
Sat May 31 12:40:07 EEST 2025 - Sending file 'tasks.txt' to qa
Sat May 31 12:40:07 EEST 2025 - Sending file 'tasks.txt' to graphic
Sat May 31 12:40:07 EEST 2025 - Sending file 'test1' to qa
Sat May 31 12:40:07 EEST 2025 - Sending file 'test1' to graphic
Sat May 31 12:40:37 EEST 2025 - Sending file 'obadah' to qa
Sat May 31 12:40:37 EEST 2025 - Sending file 'obadah' to graphic
Sat May 31 12:40:37 EEST 2025 - Sending file 'tasks.txt' to qa
Sat May 31 12:40:37 EEST 2025 - Sending file 'tasks.txt' to graphic
Sat May 31 12:40:37 EEST 2025 - Sending file 'test1' to qa
Sat May 31 12:40:37 EEST 2025 - Sending file 'test1' to graphic
Sat May 31 12:41:07 EEST 2025 - Sending file 'obadah' to qa
Sat May 31 12:41:07 EEST 2025 - Sending file 'obadah' to graphic
Sat May 31 12:41:07 EEST 2025 - Sending file 'tasks.txt' to qa
Sat May 31 12:41:07 EEST 2025 - Sending file 'tasks.txt' to graphic
Sat May 31 12:41:07 EEST 2025 - Sending file 'test1' to qa
Sat May 31 12:41:07 EEST 2025 - Sending file 'test1' to graphic
Sat May 31 12:41:37 EEST 2025 - Sending file 'obadah' to qa
Sat May 31 12:41:37 EEST 2025 - Sending file 'obadah' to graphic
Sat May 31 12:41:37 EEST 2025 - Sending file 'tasks.txt' to qa
Sat May 31 12:41:37 EEST 2025 - Sending file 'tasks.txt' to graphic
Sat May 31 12:41:37 EEST 2025 - Sending file 'test1' to qa
Sat May 31 12:41:37 EEST 2025 - Sending file 'test1' to graphic
Sat May 31 12:42:07 EEST 2025 - Sending file 'obadah' to qa
Sat May 31 12:42:07 EEST 2025 - Sending file 'obadah' to graphic
Sat May 31 12:42:07 EEST 2025 - Sending file 'tasks.txt' to qa
Sat May 31 12:42:07 EEST 2025 - Sending file 'tasks.txt' to graphic
Sat May 31 12:42:07 EEST 2025 - Sending file 'test1' to qa
Sat May 31 12:42:07 EEST 2025 - Sending file 'test1' to graphic
Sat May 31 12:42:37 EEST 2025 - Sending file 'obadah' to qa
Sat May 31 12:42:37 EEST 2025 - Sending file 'obadah' to graphic
Sat May 31 12:42:37 EEST 2025 - Sending file 'tasks.txt' to qa
Sat May 31 12:42:37 EEST 2025 - Sending file 'tasks.txt' to graphic
Sat May 31 12:42:37 EEST 2025 - Sending file 'test1' to qa
Sat May 31 12:42:37 EEST 2025 - Sending file 'test1' to graphic
Sat May 31 12:43:07 EEST 2025 - Sending file 'obadah' to qa
Sat May 31 12:43:07 EEST 2025 - Sending file 'obadah' to graphic
Sat May 31 12:43:07 EEST 2025 - Sending file 'tasks.txt' to qa
Sat May 31 12:43:07 EEST 2025 - Sending file 'tasks.txt' to graphic
Sat May 31 12:43:07 EEST 2025 - Sending file 'test1' to qa
Sat May 31 12:43:07 EEST 2025 - Sending file 'test1' to graphic
Sat May 31 12:43:37 EEST 2025 - Sending file '123.txt' to qa
Sat May 31 12:43:37 EEST 2025 - Sending file '123.txt' to graphic
Sat May 31 12:43:37 EEST 2025 - Sending file 'obadah' to qa
Sat May 31 12:43:37 EEST 2025 - Sending file 'obadah' to graphic
Sat May 31 12:43:37 EEST 2025 - Sending file 'tasks.txt' to qa
Sat May 31 12:43:37 EEST 2025 - Sending file 'tasks.txt' to graphic
Sat May 31 12:43:37 EEST 2025 - Sending file 'test1' to qa
Sat May 31 12:43:37 EEST 2025 - Sending file 'test1' to graphic
Sat May 31 12:44:07 EEST 2025 - Sending file '123.txt' to qa
Sat May 31 12:44:08 EEST 2025 - Sending file '123.txt' to graphic
Sat May 31 12:44:08 EEST 2025 - Sending file 'obadah' to qa
Sat May 31 12:44:08 EEST 2025 - Sending file 'obadah' to graphic
Sat May 31 12:44:08 EEST 2025 - Sending file 'tasks.txt' to qa
Sat May 31 12:44:08 EEST 2025 - Sending file 'tasks.txt' to graphic
Sat May 31 12:44:08 EEST 2025 - Sending file 'test1' to qa
Sat May 31 12:44:08 EEST 2025 - Sending file 'test1' to graphic
Sat May 31 12:44:37 EEST 2025 - Sending file '123.txt' to qa
Sat May 31 12:44:37 EEST 2025 - Sending file '123.txt' to graphic
Sat May 31 12:44:37 EEST 2025 - Sending file 'obadah' to qa
Sat May 31 12:44:37 EEST 2025 - Sending file 'obadah' to graphic
Sat May 31 12:44:37 EEST 2025 - Sending file 'tasks.txt' to qa
Sat May 31 12:44:37 EEST 2025 - Sending file 'tasks.txt' to graphic
Sat May 31 12:44:37 EEST 2025 - Sending file 'test1' to qa
Sat May 31 12:44:37 EEST 2025 - Sending file 'test1' to graphic
Sat May 31 12:45:07 EEST 2025 - Sending file '123.txt' to qa
Sat May 31 12:45:07 EEST 2025 - Sending file '123.txt' to graphic
Sat May 31 12:45:07 EEST 2025 - Sending file 'obadah' to qa
Sat May 31 12:45:07 EEST 2025 - Sending file 'obadah' to graphic
Sat May 31 12:45:07 EEST 2025 - Sending file 'tasks.txt' to qa
Sat May 31 12:45:07 EEST 2025 - Sending file 'tasks.txt' to graphic
Sat May 31 12:45:07 EEST 2025 - Sending file 'test1' to qa
Sat May 31 12:45:07 EEST 2025 - Sending file 'test1' to graphic
Sat May 31 12:45:37 EEST 2025 - Sending file '123.txt' to qa
Sat May 31 12:45:37 EEST 2025 - Sending file '123.txt' to graphic
Sat May 31 12:45:37 EEST 2025 - Sending file 'obadah' to qa
Sat May 31 12:45:37 EEST 2025 - Sending file 'obadah' to graphic
Sat May 31 12:45:37 EEST 2025 - Sending file 'tasks.txt' to qa
Sat May 31 12:45:37 EEST 2025 - Sending file 'tasks.txt' to graphic
Sat May 31 12:45:37 EEST 2025 - Sending file 'test1' to qa
Sat May 31 12:45:37 EEST 2025 - Sending file 'test1' to graphic
Sat May 31 12:46:07 EEST 2025 - Sending file '123.txt' to qa
Sat May 31 12:46:07 EEST 2025 - Sending file '123.txt' to graphic
Sat May 31 12:46:07 EEST 2025 - Sending file 'obadah' to qa
Sat May 31 12:46:07 EEST 2025 - Sending file 'obadah' to graphic
Sat May 31 12:46:07 EEST 2025 - Sending file 'tasks.txt' to qa
Sat May 31 12:46:07 EEST 2025 - Sending file 'tasks.txt' to graphic
Sat May 31 12:46:07 EEST 2025 - Sending file 'test1' to qa
Sat May 31 12:46:07 EEST 2025 - Sending file 'test1' to graphic
Sat May 31 12:46:37 EEST 2025 - Sending file '123.txt' to qa
Sat May 31 12:46:37 EEST 2025 - Sending file '123.txt' to graphic
Sat May 31 12:46:37 EEST 2025 - Sending file 'obadah' to qa
Sat May 31 12:46:37 EEST 2025 - Sending file 'obadah' to graphic
Sat May 31 12:46:37 EEST 2025 - Sending file 'tasks.txt' to qa
Sat May 31 12:46:37 EEST 2025 - Sending file 'tasks.txt' to graphic
Sat May 31 12:46:37 EEST 2025 - Sending file 'test1' to qa
Sat May 31 12:46:37 EEST 2025 - Sending file 'test1' to graphic
Sat May 31 12:47:07 EEST 2025 - Sending file '123.txt' to qa
Sat May 31 12:47:07 EEST 2025 - Sending file '123.txt' to graphic
Sat May 31 12:47:07 EEST 2025 - Sending file 'obadah' to qa
Sat May 31 12:47:07 EEST 2025 - Sending file 'obadah' to graphic
Sat May 31 12:47:07 EEST 2025 - Sending file 'tasks.txt' to qa
Sat May 31 12:47:07 EEST 2025 - Sending file 'tasks.txt' to graphic
Sat May 31 12:47:07 EEST 2025 - Sending file 'test1' to qa
Sat May 31 12:47:07 EEST 2025 - Sending file 'test1' to graphic
Sat May 31 12:47:37 EEST 2025 - Sending file '123.txt' to qa
Sat May 31 12:47:37 EEST 2025 - Sending file '123.txt' to graphic
Sat May 31 12:47:37 EEST 2025 - Sending file 'obadah' to qa
Sat May 31 12:47:37 EEST 2025 - Sending file 'obadah' to graphic
Sat May 31 12:47:37 EEST 2025 - Sending file 'tasks.txt' to qa
Sat May 31 12:47:37 EEST 2025 - Sending file 'tasks.txt' to graphic
Sat May 31 12:47:37 EEST 2025 - Sending file 'test1' to qa
Sat May 31 12:47:37 EEST 2025 - Sending file 'test1' to graphic
